Welcome to DrJava.  Working directory is C:\Users\P400\Documents\160404\j1_201511095\src
> import java.io.File
> System.getProperty("user.home")
"C:\Users\P400"
> File myhome = new File(Sysem.getProperty("user.home"))
Static Error: Undefined name 'Sysem'
> File myhome = new File(System.getProperty("user.home"))
> myhome
C:\Users\P400
> String cwd = new File(".").getCanonicalPath()
> cwd
"C:\Users\P400\Documents\160404\j1_201511095\src"
> File readme = new File(cwd,"HelloWorld.java")
> readme
C:\Users\P400\Documents\160404\j1_201511095\src\HelloWorld.java
> File readme = new File(cwd,"HelloWorld.java")
> readme
C:\Users\P400\Documents\160404\j1_201511095\src\HelloWorld.java
> import java.io.FileInputStream
> FileInputStream isReadme=new FileInputStream(readme)
java.io.FileNotFoundException: C:\Users\P400\Documents\160404\j1_201511095\src\HelloWorld.java (지정된 파일을 찾을 수 없습니다)
	at java.io.FileInputStream.open(Native Method)
	at java.io.FileInputStream.<init>(Unknown Source)
> FileInputStream isReadme=new FileInputStream(readme)
> isReadme.read()
112
> (char)112
'p'
> (char)isReadme.read()
'u'
> (char)isReadme.read()
'b'
> (char)isReadme.read()
'l'
> (char)isReadme.read()
'i'
> (char)isReadme.read()
'c'
> import java.io.BufferedInputStream
> BufferedInputStream bis = new BufferedInputStream(isReadme)
> bis.read()
32
> (char)bis.read()
'c'
> (char)bis.read()
'l'
> (char)bis.read()
'a'
> (char)bis.read()
's'
> (char)bis.read()
's'
> import java.io.FileReader
> FileReader fr = new FileReader(readme)
> BufferedReader br = new BufferedReader(fr)
Static Error: Undefined class 'BufferedReader'
> import java.io.BufferedReader; // auto-import
BufferedReader br = new BufferedReader(fr)
> br.readLine()
"public class HelloWorld {"
> br.readLine()
"  public static void main(String[] args){"
> br.readLine()
"    System.out.println("Hello World");"
> br.readLine()
"  }"
> br.readLine()
"}"
> br.readLine()
null
> 
> 
> 
> import java.io.FileWriter
> import java.io.PrintWriter
> PrintWriter out = new PrintWriter(new FileWriter("hello.txt"))
> out.print("Hello %s", "kjy")

Static Error: No method in PrintWriter with name 'print' matches this invocation
    Arguments: (String, String)
    Candidate signatures: 
        void print(float)
        void print(long)
        void print(int)
        void print(char)
        void print(boolean)
        void print(Object)
        void print(String)
        void print(char[])
        void print(double)
> out.print("Hello %s", "kjy")
Static Error: No method in PrintWriter with name 'print' matches this invocation
    Arguments: (String, String)
    Candidate signatures: 
        void print(float)
        void print(long)
        void print(int)
        void print(char)
        void print(boolean)
        void print(Object)
        void print(String)
        void print(char[])
        void print(double)
> out.printf("Hello %s", "kjy")
java.io.PrintWriter@133b92c
> out.close()
> 